Starting fastman92 limit adjuster 7.6, compilation time: Jun 14 2024 06:11:36 (UTC)
Website: http://fastman92.com

Launch time: 9-10-2026 13:42:45 (UTC), 21:42 (local)
Launched during the day.

Solution platform: ANDROID_ARMEABI_V7A
Platform ABI: armeabi-v7a
fastman92 APK modifier: Wed, 15 May 2024 11:11:57 GMT
App detected: GTA SA 2.00
App uses dynamic image base? Yes
App preferred image base: 0x0
App current image base: 0xBA11C000

Number of FLA modules: 75
Delayed processing of limits? No

Package name: com.rockstargames.left4
Root base directory: /storage/emulated/0
Root directory: /storage/emulated/0/Android_unprotected/data/com.rockstargames.left4/files
Initial directory: /
Cache directory: /data/user/0/com.rockstargames.left4/cache
INI filename: fastman92limitAdjuster_GTASA.ini

Global exception handler has been registered.
---------------------------------------------
Modified count of killable model IDs: 19999
---------------------------------------------
---------------------------------------------
Modified limit of DYNAMIC LIMITS: VehicleStructs to: 1000
---------------------------------------------
Modified limit of DYNAMIC LIMITS: rwObjectInstances to: 10000
---------------------------------------------
Modified limit of IDE:peds section to 604
---------------------------------------------
Streaming memory available limit set to 1073741824 bytes (1024 MB)
---------------------------------------------
Modified limit of 'Max number of stream handles' to: 1024
---------------------------------------------
Modified limit of 'Number of requested models above which the game considers loading very busy' to: 40
---------------------------------------------
Modified limit of 'Minimum number of iterations in LoadAllRequestedModels' to: 30
---------------------------------------------
Modified script space limits:
 - max size of MAIN segment from main.scm: 470000 bytes
 - max size of mission from main.scm: 69000 bytes
Total size of CTheScripts::ScriptSpace: 539000 bytes
---------------------------------------------
Modified limit of SCM LIMITS: Running scripts to: 500
---------------------------------------------
Modified limit of SCM LIMITS: Max number of used objects to: 500
---------------------------------------------
Modified limit of SCM LIMITS: Switch jump table cases to: 500
---------------------------------------------
Modified limit of RENDERER: Invisible entity pointers to: 1500
---------------------------------------------
Modified limit of RENDERER: Visible super LOD pointers to: 500
---------------------------------------------
Modified limit of RENDERER: Visible LOD pointers to: 10000
---------------------------------------------
Modified limit of RENDERER: Visible entity pointers to: 10000
---------------------------------------------
Modified limit of OTHER LIMITS: Collision size to: 32768
---------------------------------------------
Modified limit of OTHER LIMITS: References to: 6000
---------------------------------------------
Modified limit of OTHER LIMITS: Coronas to: 256
---------------------------------------------
SPECIAL: Alter file loading order enabled.
---------------------------------------------
SPECIAL: Remove LOD DFF requirement to hold native data enabled.
---------------------------------------------
SPECIAL: Fix crashes on newer systems enabled.
---------------------------------------------
SPECIAL: Disable CINFO.BIN and MINFO.BIN loading
---------------------------------------------
---------------------------------------------
Number of memory changes made: 79
---------------------------------------------